alfresco/bootstrap/notification/wf-email_XX.html.ftl
alfresco/bootstrap/webscripts/readme_XX.html
alfresco/imap/imapSpacesTemplates/emailbody_texthtml_alfresco_XX.ftl
alfresco/imap/imapSpacesTemplates/emailbody_texthtml_share_XX.ftl
alfresco/imap/imapSpacesTemplates/emailbody_textplain_alfresco_XX.ftl
alfresco/imap/imapSpacesTemplates/emailbody_textplain_share_XX.ftl
alfresco/messages/action-config_XX.properties
alfresco/messages/action-service_XX.properties
alfresco/messages/activiti-engine-messages_XX.properties
alfresco/messages/activities-service_XX.properties
alfresco/messages/activity-list_XX.properties
alfresco/messages/admin-console_XX.properties
alfresco/messages/application-model_XX.properties
alfresco/messages/authentication_XX.properties
alfresco/messages/bootstrap-content-template-examples_XX.properties
alfresco/messages/bootstrap-example-javascripts_XX.properties
alfresco/messages/bootstrap-example-smartfoldertemplates_XX.properties
alfresco/messages/bootstrap-imapScripts_XX.properties
alfresco/messages/bootstrap-javascripts_XX.properties
alfresco/messages/bootstrap-messages_XX.properties
alfresco/messages/bootstrap-readme-template_XX.properties
alfresco/messages/bootstrap-spaces_XX.properties
alfresco/messages/bootstrap-templates_XX.properties
alfresco/messages/bootstrap-tutorial_XX.properties
alfresco/messages/bootstrap-webScriptsExtensions_XX.properties
alfresco/messages/bootstrap-webScripts_XX.properties
alfresco/messages/bpm-messages_XX.properties
alfresco/messages/categories_XX.properties
alfresco/messages/coci-service_XX.properties
alfresco/messages/content-filter-languages_XX.properties
alfresco/messages/content-model_XX.properties
alfresco/messages/content-service_XX.properties
alfresco/messages/copy-service_XX.properties
alfresco/messages/custommodel-restapi-messages_XX.properties
alfresco/messages/custommodel-service_XX.properties
alfresco/messages/data-list-model_XX.properties
alfresco/messages/dictionary-messages_XX.properties
alfresco/messages/dictionary-model_XX.properties
alfresco/messages/discussion-messages_XX.properties
alfresco/messages/distributionpolicies-model_XX.properties
alfresco/messages/doclink-service_XX.properties
alfresco/messages/download-model_XX.properties
alfresco/messages/email-server-model_XX.properties
alfresco/messages/email-service_XX.properties
alfresco/messages/file-folder-service_XX.properties
alfresco/messages/form-service_XX.properties
alfresco/messages/forum-model_XX.properties
alfresco/messages/imap-service_XX.properties
alfresco/messages/initiate-inplace_XX.properties
alfresco/messages/invitation-service_XX.properties
alfresco/messages/lock-service_XX.properties
alfresco/messages/module-messages_XX.properties
alfresco/messages/notification-service_XX.properties
alfresco/messages/patch-service_XX.properties
alfresco/messages/period-provider_XX.properties
alfresco/messages/permissions-service_XX.properties
alfresco/messages/publishing-model_XX.properties
alfresco/messages/publishing-service_XX.properties
alfresco/messages/quickshare-service_XX.properties
alfresco/messages/rendition-config_XX.properties
alfresco/messages/replication_XX.properties
alfresco/messages/repoadmin-interpreter-help_XX.properties
alfresco/messages/repoadmin-interpreter-help_XX.txt
alfresco/messages/repoadmin-service_XX.properties
alfresco/messages/rest-framework-messages_XX.properties
alfresco/messages/rule-config_XX.properties
alfresco/messages/schema-update_XX.properties
alfresco/messages/site-model_XX.properties
alfresco/messages/site-service_XX.properties
alfresco/messages/slingshot_XX.properties
alfresco/messages/smartfolder-model_XX.properties
alfresco/messages/subscription-service_XX.properties
alfresco/messages/system-messages_XX.properties
alfresco/messages/system-model_XX.properties
alfresco/messages/template-service_XX.properties
alfresco/messages/templates-messages_XX.properties
alfresco/messages/tenant-interpreter-help_XX.properties
alfresco/messages/tenant-interpreter-help_XX.txt
alfresco/messages/transfer-model_XX.properties
alfresco/messages/transfer-service_XX.properties
alfresco/messages/ui-inplace_XX.properties
alfresco/messages/version-service_XX.properties
alfresco/messages/wcmapp-model_XX.properties
alfresco/messages/webdav-messages_XX.properties
alfresco/messages/workflow-interpreter-help_XX.properties
alfresco/messages/workflow-interpreter-help_XX.txt
alfresco/messages/workflow-package-messages_XX.properties
alfresco/model/dataTypeAnalyzers_XX.properties
alfresco/templates/activities-email-templates/activities-email_XX.ftl
alfresco/templates/following-email-templates/following-email.html_XX.ftl
alfresco/templates/invite-email-templates/invite-email-add-direct.html_XX.ftl
alfresco/templates/invite-email-templates/invite-email.html_XX.ftl
alfresco/templates/new-user-templates/new-user-email_XX.html
alfresco/templates/notify_email_templates/notify_XX.htm
alfresco/templates/webscripts/org/alfresco/repository/admin/admin-communitysummary.get_XX.properties
alfresco/templates/webscripts/org/alfresco/repository/admin/consoles/admin-repoconsole.get_XX.properties
alfresco/templates/webscripts/org/alfresco/repository/admin/consoles/admin-tenantconsole.get_XX.properties
alfresco/templates/webscripts/org/alfresco/repository/admin/consoles/admin-workflowconsole.get_XX.properties
alfresco/templates/webscripts/org/alfresco/repository/admin/support-tools/admin-nodebrowser.get_XX.properties
alfresco/templates/webscripts/org/alfresco/repository/audit/control_XX.properties
alfresco/templates/webscripts/org/alfresco/repository/audit/entry_XX.properties
alfresco/templates/webscripts/org/alfresco/repository/blogs/post/blog-post.delete_XX.properties
alfresco/templates/webscripts/org/alfresco/repository/discussions/posts/forum-post.delete_XX.properties
alfresco/templates/webscripts/org/alfresco/repository/links/links-delete.post_XX.properties
alfresco/templates/webscripts/org/alfresco/repository/links/links.post_XX.properties
alfresco/templates/webscripts/org/alfresco/repository/links/links.put_XX.properties
alfresco/templates/webscripts/org/alfresco/repository/person/user-csv-upload.post_XX.properties
alfresco/templates/webscripts/org/alfresco/repository/publishing/authform.get_XX.properties
alfresco/templates/webscripts/org/alfresco/slingshot/application/logo.post_XX.properties
alfresco/templates/webscripts/org/alfresco/slingshot/calendar/event.get_XX.properties
alfresco/templates/webscripts/org/alfresco/slingshot/calendar/event.post_XX.properties
alfresco/templates/webscripts/org/alfresco/slingshot/calendar/event.put_XX.properties
alfresco/templates/webscripts/org/alfresco/slingshot/profile/resetavatar.put_XX.properties
alfresco/templates/webscripts/org/alfresco/slingshot/profile/uploadavatar.post_XX.properties
alfresco/templates/webscripts/org/alfresco/slingshot/profile/userprofile.post_XX.properties
alfresco/templates/webscripts/org/alfresco/slingshot/remote-content/content-apps/application-instance.post_XX.properties
alfresco/templates/webscripts/org/alfresco/slingshot/remote-content/content-apps/application-type.post_XX.properties
alfresco/templates/webscripts/org/alfresco/slingshot/remote-content/page-definition.post_XX.properties
alfresco/templates/webscripts/org/alfresco/slingshot/remote-content/page-definition.put_XX.properties
alfresco/templates/webscripts/org/alfresco/slingshot/wiki/move.post_XX.properties
alfresco/templates/webscripts/org/alfresco/slingshot/wiki/page.get_XX.properties
alfresco/workflow/invitation-moderated-workflow-messages_XX.properties
alfresco/workflow/invitation-nominated-workflow-messages_XX.properties
alfresco/workflow/workflow-messages_XX.properties
