META-INF/js/aikau/1.0.101.3/alfresco/accessibility/i18n/AccessibilityMenu_XX.properties
META-INF/js/aikau/1.0.101.3/alfresco/buttons/i18n/AlfButton_XX.properties
META-INF/js/aikau/1.0.101.3/alfresco/charts/ccc/i18n/PieChart_XX.properties
META-INF/js/aikau/1.0.101.3/alfresco/core/i18n/TemporalUtils_XX.properties
META-INF/js/aikau/1.0.101.3/alfresco/creation/i18n/WidgetConfig_XX.properties
META-INF/js/aikau/1.0.101.3/alfresco/dashlets/i18n/Dashlet_XX.properties
META-INF/js/aikau/1.0.101.3/alfresco/dashlets/i18n/SiteContentReportDashlet_XX.properties
META-INF/js/aikau/1.0.101.3/alfresco/dashlets/i18n/TopSiteContributorReportDashlet_XX.properties
META-INF/js/aikau/1.0.101.3/alfresco/debug/i18n/CoreDataDebugger_XX.properties
META-INF/js/aikau/1.0.101.3/alfresco/debug/i18n/WidgetInfo_XX.properties
META-INF/js/aikau/1.0.101.3/alfresco/dialogs/i18n/AlfDialog_XX.properties
META-INF/js/aikau/1.0.101.3/alfresco/dnd/i18n/DroppedItemWrapper_XX.properties
META-INF/js/aikau/1.0.101.3/alfresco/documentlibrary/i18n/AlfBreadcrumbTrail_XX.properties
META-INF/js/aikau/1.0.101.3/alfresco/documentlibrary/i18n/AlfCreateContentMenuBarPopup_XX.properties
META-INF/js/aikau/1.0.101.3/alfresco/documentlibrary/i18n/AlfCreateTemplateContentMenu_XX.properties
META-INF/js/aikau/1.0.101.3/alfresco/documentlibrary/i18n/AlfDocumentFilter_XX.properties
META-INF/js/aikau/1.0.101.3/alfresco/documentlibrary/i18n/AlfDocumentFilters_XX.properties
META-INF/js/aikau/1.0.101.3/alfresco/documentlibrary/i18n/AlfDocumentList_XX.properties
META-INF/js/aikau/1.0.101.3/alfresco/documentlibrary/i18n/AlfSelectDocumentListItems_XX.properties
META-INF/js/aikau/1.0.101.3/alfresco/documentlibrary/i18n/AlfSitesList_XX.properties
META-INF/js/aikau/1.0.101.3/alfresco/documentlibrary/i18n/AlfTagFilters_XX.properties
META-INF/js/aikau/1.0.101.3/alfresco/documentlibrary/i18n/AlfViewSelectionGroup_XX.properties
META-INF/js/aikau/1.0.101.3/alfresco/documentlibrary/i18n/UploadButton_XX.properties
META-INF/js/aikau/1.0.101.3/alfresco/documentlibrary/i18n/ViewPreferencesGroup_XX.properties
META-INF/js/aikau/1.0.101.3/alfresco/documentlibrary/i18n/_AlfCreateContentMenuItemMixin_XX.properties
META-INF/js/aikau/1.0.101.3/alfresco/documentlibrary/i18n/_AlfDndDocumentUploadMixin_XX.properties
META-INF/js/aikau/1.0.101.3/alfresco/editors/i18n/TinyMCE_XX.properties
META-INF/js/aikau/1.0.101.3/alfresco/footer/i18n/AlfShareFooter_XX.properties
META-INF/js/aikau/1.0.101.3/alfresco/footer/i18n/AlfStickyFooter_XX.properties
META-INF/js/aikau/1.0.101.3/alfresco/forms/controls/i18n/BaseFormControl_XX.properties
META-INF/js/aikau/1.0.101.3/alfresco/forms/controls/i18n/DateRange_XX.properties
META-INF/js/aikau/1.0.101.3/alfresco/forms/controls/i18n/FilePicker_XX.properties
META-INF/js/aikau/1.0.101.3/alfresco/forms/controls/i18n/FormControlValidationMixin_XX.properties
META-INF/js/aikau/1.0.101.3/alfresco/forms/controls/i18n/MultiSelect_XX.properties
META-INF/js/aikau/1.0.101.3/alfresco/forms/controls/i18n/MultipleEntryCreator_XX.properties
META-INF/js/aikau/1.0.101.3/alfresco/forms/controls/i18n/MultipleEntryElement_XX.properties
META-INF/js/aikau/1.0.101.3/alfresco/forms/controls/i18n/MultipleKeyValuePairElement_XX.properties
META-INF/js/aikau/1.0.101.3/alfresco/forms/controls/i18n/Password_XX.properties
META-INF/js/aikau/1.0.101.3/alfresco/forms/controls/i18n/Picker_XX.properties
META-INF/js/aikau/1.0.101.3/alfresco/forms/controls/i18n/SitePicker_XX.properties
META-INF/js/aikau/1.0.101.3/alfresco/forms/creation/i18n/FormCreation_XX.properties
META-INF/js/aikau/1.0.101.3/alfresco/forms/creation/i18n/Publication_XX.properties
META-INF/js/aikau/1.0.101.3/alfresco/forms/i18n/Form_XX.properties
META-INF/js/aikau/1.0.101.3/alfresco/header/i18n/AlfMenuBar_XX.properties
META-INF/js/aikau/1.0.101.3/alfresco/header/i18n/AlfSitesMenu_XX.properties
META-INF/js/aikau/1.0.101.3/alfresco/header/i18n/CurrentUserStatus_XX.properties
META-INF/js/aikau/1.0.101.3/alfresco/header/i18n/LicenseWarning_XX.properties
META-INF/js/aikau/1.0.101.3/alfresco/header/i18n/PopupSearch_XX.properties
META-INF/js/aikau/1.0.101.3/alfresco/header/i18n/SearchBox_XX.properties
META-INF/js/aikau/1.0.101.3/alfresco/header/i18n/UserMenu_XX.properties
META-INF/js/aikau/1.0.101.3/alfresco/html/i18n/FileInput_XX.properties
META-INF/js/aikau/1.0.101.3/alfresco/html/i18n/Label_XX.properties
META-INF/js/aikau/1.0.101.3/alfresco/layout/i18n/StickyPanel_XX.properties
META-INF/js/aikau/1.0.101.3/alfresco/lists/i18n/AlfFilteredList_XX.properties
META-INF/js/aikau/1.0.101.3/alfresco/lists/i18n/AlfList_XX.properties
META-INF/js/aikau/1.0.101.3/alfresco/lists/i18n/Paginator_XX.properties
META-INF/js/aikau/1.0.101.3/alfresco/lists/i18n/ResultsPerPageGroup_XX.properties
META-INF/js/aikau/1.0.101.3/alfresco/lists/i18n/UserList_XX.properties
META-INF/js/aikau/1.0.101.3/alfresco/lists/utilities/i18n/FilterSummary_XX.properties
META-INF/js/aikau/1.0.101.3/alfresco/lists/views/i18n/AlfListView_XX.properties
META-INF/js/aikau/1.0.101.3/alfresco/lists/views/i18n/EmptyDocumentList_XX.properties
META-INF/js/aikau/1.0.101.3/alfresco/lists/views/layouts/i18n/Carousel_XX.properties
META-INF/js/aikau/1.0.101.3/alfresco/lists/views/layouts/i18n/HeaderCell_XX.properties
META-INF/js/aikau/1.0.101.3/alfresco/logo/i18n/Logo_XX.properties
META-INF/js/aikau/1.0.101.3/alfresco/menus/i18n/AlfMenuBarSelectItems_XX.properties
META-INF/js/aikau/1.0.101.3/alfresco/menus/i18n/AlfMenuBarToggle_XX.properties
META-INF/js/aikau/1.0.101.3/alfresco/navigation/i18n/CategoryTree_XX.properties
META-INF/js/aikau/1.0.101.3/alfresco/navigation/i18n/Links_XX.properties
META-INF/js/aikau/1.0.101.3/alfresco/navigation/i18n/Tree_XX.properties
META-INF/js/aikau/1.0.101.3/alfresco/notifications/i18n/ProgressIndicator_XX.properties
META-INF/js/aikau/1.0.101.3/alfresco/pickers/i18n/ContainerListPicker_XX.properties
META-INF/js/aikau/1.0.101.3/alfresco/pickers/i18n/PickedItems_XX.properties
META-INF/js/aikau/1.0.101.3/alfresco/pickers/i18n/Picker_XX.properties
META-INF/js/aikau/1.0.101.3/alfresco/pickers/i18n/PropertyPicker_XX.properties
META-INF/js/aikau/1.0.101.3/alfresco/pickers/i18n/SitePicker_XX.properties
META-INF/js/aikau/1.0.101.3/alfresco/preview/PdfJs/i18n/PdfJs_XX.properties
META-INF/js/aikau/1.0.101.3/alfresco/preview/i18n/AlfDocumentPreview_XX.properties
META-INF/js/aikau/1.0.101.3/alfresco/prototyping/i18n/Preview_XX.properties
META-INF/js/aikau/1.0.101.3/alfresco/renderers/i18n/Actions_XX.properties
META-INF/js/aikau/1.0.101.3/alfresco/renderers/i18n/ActivitySummary_XX.properties
META-INF/js/aikau/1.0.101.3/alfresco/renderers/i18n/Boolean_XX.properties
META-INF/js/aikau/1.0.101.3/alfresco/renderers/i18n/Category_XX.properties
META-INF/js/aikau/1.0.101.3/alfresco/renderers/i18n/CommentsList_XX.properties
META-INF/js/aikau/1.0.101.3/alfresco/renderers/i18n/Comments_XX.properties
META-INF/js/aikau/1.0.101.3/alfresco/renderers/i18n/Date_XX.properties
META-INF/js/aikau/1.0.101.3/alfresco/renderers/i18n/EditableComment_XX.properties
META-INF/js/aikau/1.0.101.3/alfresco/renderers/i18n/Favourite_XX.properties
META-INF/js/aikau/1.0.101.3/alfresco/renderers/i18n/FileType_XX.properties
META-INF/js/aikau/1.0.101.3/alfresco/renderers/i18n/Indicators_XX.properties
META-INF/js/aikau/1.0.101.3/alfresco/renderers/i18n/InlineEditProperty_XX.properties
META-INF/js/aikau/1.0.101.3/alfresco/renderers/i18n/Like_XX.properties
META-INF/js/aikau/1.0.101.3/alfresco/renderers/i18n/LockedBanner_XX.properties
META-INF/js/aikau/1.0.101.3/alfresco/renderers/i18n/MoreInfo_XX.properties
META-INF/js/aikau/1.0.101.3/alfresco/renderers/i18n/Progress_XX.properties
META-INF/js/aikau/1.0.101.3/alfresco/renderers/i18n/Property_XX.properties
META-INF/js/aikau/1.0.101.3/alfresco/renderers/i18n/PublishingDropDownMenu_XX.properties
META-INF/js/aikau/1.0.101.3/alfresco/renderers/i18n/QuickShare_XX.properties
META-INF/js/aikau/1.0.101.3/alfresco/renderers/i18n/ReadOnlyTag_XX.properties
META-INF/js/aikau/1.0.101.3/alfresco/renderers/i18n/Reorder_XX.properties
META-INF/js/aikau/1.0.101.3/alfresco/renderers/i18n/SearchThumbnail_XX.properties
META-INF/js/aikau/1.0.101.3/alfresco/renderers/i18n/Size_XX.properties
META-INF/js/aikau/1.0.101.3/alfresco/renderers/i18n/Tags_XX.properties
META-INF/js/aikau/1.0.101.3/alfresco/renderers/i18n/Thumbnail_XX.properties
META-INF/js/aikau/1.0.101.3/alfresco/renderers/i18n/ToggleStateActions_XX.properties
META-INF/js/aikau/1.0.101.3/alfresco/renderers/i18n/Toggle_XX.properties
META-INF/js/aikau/1.0.101.3/alfresco/renderers/i18n/_ActionsMixin_XX.properties
META-INF/js/aikau/1.0.101.3/alfresco/renderers/i18n/_XhrActionsMixin_XX.properties
META-INF/js/aikau/1.0.101.3/alfresco/reports/i18n/SiteContentReport_XX.properties
META-INF/js/aikau/1.0.101.3/alfresco/reports/i18n/TopSiteContributorReport_XX.properties
META-INF/js/aikau/1.0.101.3/alfresco/search/i18n/AlfSearchList_XX.properties
META-INF/js/aikau/1.0.101.3/alfresco/search/i18n/AlfSearchResult_XX.properties
META-INF/js/aikau/1.0.101.3/alfresco/search/i18n/AlternativeSearchLabel_XX.properties
META-INF/js/aikau/1.0.101.3/alfresco/search/i18n/FacetFilter_XX.properties
META-INF/js/aikau/1.0.101.3/alfresco/search/i18n/SearchThumbnailMixin_XX.properties
META-INF/js/aikau/1.0.101.3/alfresco/services/actions/i18n/ChangeTypeService_XX.properties
META-INF/js/aikau/1.0.101.3/alfresco/services/actions/i18n/CopyMoveService_XX.properties
META-INF/js/aikau/1.0.101.3/alfresco/services/actions/i18n/CreateTemplateContentService_XX.properties
META-INF/js/aikau/1.0.101.3/alfresco/services/actions/i18n/ManageAspectsService_XX.properties
META-INF/js/aikau/1.0.101.3/alfresco/services/actions/i18n/WorkflowService_XX.properties
META-INF/js/aikau/1.0.101.3/alfresco/services/i18n/ActionService_XX.properties
META-INF/js/aikau/1.0.101.3/alfresco/services/i18n/CloudSyncService_XX.properties
META-INF/js/aikau/1.0.101.3/alfresco/services/i18n/ContentService_XX.properties
META-INF/js/aikau/1.0.101.3/alfresco/services/i18n/CrudService_XX.properties
META-INF/js/aikau/1.0.101.3/alfresco/services/i18n/DataListService_XX.properties
META-INF/js/aikau/1.0.101.3/alfresco/services/i18n/DialogService_XX.properties
META-INF/js/aikau/1.0.101.3/alfresco/services/i18n/DocumentService_XX.properties
META-INF/js/aikau/1.0.101.3/alfresco/services/i18n/FileUploadService_XX.properties
META-INF/js/aikau/1.0.101.3/alfresco/services/i18n/FormsRuntimeService_XX.properties
META-INF/js/aikau/1.0.101.3/alfresco/services/i18n/LoggingService_XX.properties
META-INF/js/aikau/1.0.101.3/alfresco/services/i18n/NodePreviewService_XX.properties
META-INF/js/aikau/1.0.101.3/alfresco/services/i18n/NotificationService_XX.properties
META-INF/js/aikau/1.0.101.3/alfresco/services/i18n/PageService_XX.properties
META-INF/js/aikau/1.0.101.3/alfresco/services/i18n/ReportService_XX.properties
META-INF/js/aikau/1.0.101.3/alfresco/services/i18n/SiteService_XX.properties
META-INF/js/aikau/1.0.101.3/alfresco/services/i18n/UploadService_XX.properties
META-INF/js/aikau/1.0.101.3/alfresco/services/i18n/UserService_XX.properties
META-INF/js/aikau/1.0.101.3/alfresco/services/i18n/_BaseUploadService_XX.properties
META-INF/js/aikau/1.0.101.3/alfresco/upload/i18n/AlfUploadDisplay_XX.properties
META-INF/js/aikau/1.0.101.3/alfresco/upload/i18n/UploadHistory_XX.properties
META-INF/js/aikau/1.0.101.3/alfresco/upload/i18n/UploadMonitor_XX.properties
META-INF/js/aikau/1.0.101.3/alfresco/upload/i18n/UploadTarget_XX.properties
alfresco/messages/cmm_XX.properties
alfresco/messages/common_XX.properties
alfresco/messages/slingshot_XX.properties
alfresco/messages/smartfolder_XX.properties
alfresco/site-webscripts/org/alfresco/components/admin/edit-tag.get_XX.properties
alfresco/site-webscripts/org/alfresco/components/admin/replication-job.get_XX.properties
alfresco/site-webscripts/org/alfresco/components/blog/archives.get_XX.properties
alfresco/site-webscripts/org/alfresco/components/blog/blog-post.get_XX.properties
alfresco/site-webscripts/org/alfresco/components/blog/blog-posts.get_XX.properties
alfresco/site-webscripts/org/alfresco/components/blog/comments.get_XX.properties
alfresco/site-webscripts/org/alfresco/components/blog/createcomment.get_XX.properties
alfresco/site-webscripts/org/alfresco/components/blog/filters.get_XX.properties
alfresco/site-webscripts/org/alfresco/components/blog/postedit.get_XX.properties
alfresco/site-webscripts/org/alfresco/components/blog/postlist.get_XX.properties
alfresco/site-webscripts/org/alfresco/components/blog/postview.get_XX.properties
alfresco/site-webscripts/org/alfresco/components/blog/toolbar.get_XX.properties
alfresco/site-webscripts/org/alfresco/components/calendar/calendar.get_XX.properties
alfresco/site-webscripts/org/alfresco/components/calendar/info.get_XX.properties
alfresco/site-webscripts/org/alfresco/components/calendar/toolbar.get_XX.properties
alfresco/site-webscripts/org/alfresco/components/calendar/view.get_XX.properties
alfresco/site-webscripts/org/alfresco/components/comments/comments-list.get_XX.properties
alfresco/site-webscripts/org/alfresco/components/comments/comments.get_XX.properties
alfresco/site-webscripts/org/alfresco/components/console/application.get_XX.properties
alfresco/site-webscripts/org/alfresco/components/console/category-manager.get_XX.properties
alfresco/site-webscripts/org/alfresco/components/console/cloud-sync-management.get_XX.properties
alfresco/site-webscripts/org/alfresco/components/console/console-tools.get_XX.properties
alfresco/site-webscripts/org/alfresco/components/console/filemanagement/trashcan.get_XX.properties
alfresco/site-webscripts/org/alfresco/components/console/module-package.get_XX.properties
alfresco/site-webscripts/org/alfresco/components/console/node-browser.get_XX.properties
alfresco/site-webscripts/org/alfresco/components/console/repository/replication-jobs.get_XX.properties
alfresco/site-webscripts/org/alfresco/components/console/repository/repository.get_XX.properties
alfresco/site-webscripts/org/alfresco/components/console/search-manager.get_XX.properties
alfresco/site-webscripts/org/alfresco/components/console/tag-management.get_XX.properties
alfresco/site-webscripts/org/alfresco/components/console/usersgroups/groups.get_XX.properties
alfresco/site-webscripts/org/alfresco/components/console/usersgroups/users.get_XX.properties
alfresco/site-webscripts/org/alfresco/components/create-content/create-content-mgr.get_XX.properties
alfresco/site-webscripts/org/alfresco/components/dashboard/customise-dashlets.get_XX.properties
alfresco/site-webscripts/org/alfresco/components/dashboard/customise-layout.get_XX.properties
alfresco/site-webscripts/org/alfresco/components/dashlets/activity-list.get_XX.properties
alfresco/site-webscripts/org/alfresco/components/dashlets/addons.get_XX.properties
alfresco/site-webscripts/org/alfresco/components/dashlets/async-rssfeed.get_XX.properties
alfresco/site-webscripts/org/alfresco/components/dashlets/async-rssfeed.post_XX.properties
alfresco/site-webscripts/org/alfresco/components/dashlets/calendar.get_XX.properties
alfresco/site-webscripts/org/alfresco/components/dashlets/colleagues.get_XX.properties
alfresco/site-webscripts/org/alfresco/components/dashlets/docsummary.get_XX.properties
alfresco/site-webscripts/org/alfresco/components/dashlets/dynamic-welcome.get_XX.properties
alfresco/site-webscripts/org/alfresco/components/dashlets/forum-summary.get_XX.properties
alfresco/site-webscripts/org/alfresco/components/dashlets/imagesummary.get_XX.properties
alfresco/site-webscripts/org/alfresco/components/dashlets/my-activities.get_XX.properties
alfresco/site-webscripts/org/alfresco/components/dashlets/my-docs-editing.get_XX.properties
alfresco/site-webscripts/org/alfresco/components/dashlets/my-documents.get_XX.properties
alfresco/site-webscripts/org/alfresco/components/dashlets/my-meeting-workspaces.get_XX.properties
alfresco/site-webscripts/org/alfresco/components/dashlets/my-profile.get_XX.properties
alfresco/site-webscripts/org/alfresco/components/dashlets/my-sites.get_XX.properties
alfresco/site-webscripts/org/alfresco/components/dashlets/my-tasks.get_XX.properties
alfresco/site-webscripts/org/alfresco/components/dashlets/my-workspaces.get_XX.properties
alfresco/site-webscripts/org/alfresco/components/dashlets/rssfeed.get_XX.properties
alfresco/site-webscripts/org/alfresco/components/dashlets/saved-search.get_XX.properties
alfresco/site-webscripts/org/alfresco/components/dashlets/site-activities.get_XX.properties
alfresco/site-webscripts/org/alfresco/components/dashlets/site-data-lists.get_XX.properties
alfresco/site-webscripts/org/alfresco/components/dashlets/site-links.get_XX.properties
alfresco/site-webscripts/org/alfresco/components/dashlets/site-notice.get_XX.properties
alfresco/site-webscripts/org/alfresco/components/dashlets/site-profile.get_XX.properties
alfresco/site-webscripts/org/alfresco/components/dashlets/site-search.get_XX.properties
alfresco/site-webscripts/org/alfresco/components/dashlets/user-calendar.get_XX.properties
alfresco/site-webscripts/org/alfresco/components/dashlets/webview-default.get_XX.properties
alfresco/site-webscripts/org/alfresco/components/dashlets/webview.get_XX.properties
alfresco/site-webscripts/org/alfresco/components/dashlets/wiki.get_XX.properties
alfresco/site-webscripts/org/alfresco/components/data-lists/datagrid.get_XX.properties
alfresco/site-webscripts/org/alfresco/components/data-lists/datalists.get_XX.properties
alfresco/site-webscripts/org/alfresco/components/data-lists/filter.get_XX.properties
alfresco/site-webscripts/org/alfresco/components/data-lists/list.get_XX.properties
alfresco/site-webscripts/org/alfresco/components/data-lists/toolbar.get_XX.properties
alfresco/site-webscripts/org/alfresco/components/discussions/createtopic.get_XX.properties
alfresco/site-webscripts/org/alfresco/components/discussions/filters.get_XX.properties
alfresco/site-webscripts/org/alfresco/components/discussions/forum-post-replies.get_XX.properties
alfresco/site-webscripts/org/alfresco/components/discussions/forum-post.get_XX.properties
alfresco/site-webscripts/org/alfresco/components/discussions/forum-posts.get_XX.properties
alfresco/site-webscripts/org/alfresco/components/discussions/replies.get_XX.properties
alfresco/site-webscripts/org/alfresco/components/discussions/toolbar.get_XX.properties
alfresco/site-webscripts/org/alfresco/components/discussions/topic.get_XX.properties
alfresco/site-webscripts/org/alfresco/components/discussions/topiclist.get_XX.properties
alfresco/site-webscripts/org/alfresco/components/document-details/document-actions.get_XX.properties
alfresco/site-webscripts/org/alfresco/components/document-details/document-attachments.get_XX.properties
alfresco/site-webscripts/org/alfresco/components/document-details/document-links.get_XX.properties
alfresco/site-webscripts/org/alfresco/components/document-details/document-metadata.get_XX.properties
alfresco/site-webscripts/org/alfresco/components/document-details/document-permissions.get_XX.properties
alfresco/site-webscripts/org/alfresco/components/document-details/document-sync.get_XX.properties
alfresco/site-webscripts/org/alfresco/components/document-details/document-tags.get_XX.properties
alfresco/site-webscripts/org/alfresco/components/document-details/document-versions.get_XX.properties
alfresco/site-webscripts/org/alfresco/components/document-details/document-workflows.get_XX.properties
alfresco/site-webscripts/org/alfresco/components/document-details/path.get_XX.properties
alfresco/site-webscripts/org/alfresco/components/document-details/repo-path.get_XX.properties
alfresco/site-webscripts/org/alfresco/components/documentlibrary/categories.get_XX.properties
alfresco/site-webscripts/org/alfresco/components/documentlibrary/documentlist-v2.get_XX.properties
alfresco/site-webscripts/org/alfresco/components/documentlibrary/documentlist.get_XX.properties
alfresco/site-webscripts/org/alfresco/components/documentlibrary/feed.get_XX.properties
alfresco/site-webscripts/org/alfresco/components/documentlibrary/filter.get_XX.properties
alfresco/site-webscripts/org/alfresco/components/documentlibrary/myfiles-tree.get_XX.properties
alfresco/site-webscripts/org/alfresco/components/documentlibrary/myfiles.get_XX.properties
alfresco/site-webscripts/org/alfresco/components/documentlibrary/repo-filter.get_XX.properties
alfresco/site-webscripts/org/alfresco/components/documentlibrary/repo-toolbar.get_XX.properties
alfresco/site-webscripts/org/alfresco/components/documentlibrary/repo-tree.get_XX.properties
alfresco/site-webscripts/org/alfresco/components/documentlibrary/repo.get_XX.properties
alfresco/site-webscripts/org/alfresco/components/documentlibrary/sharedfiles-tree.get_XX.properties
alfresco/site-webscripts/org/alfresco/components/documentlibrary/sharedfiles.get_XX.properties
alfresco/site-webscripts/org/alfresco/components/documentlibrary/toolbar.get_XX.properties
alfresco/site-webscripts/org/alfresco/components/documentlibrary/tree.get_XX.properties
alfresco/site-webscripts/org/alfresco/components/download/archive-and-download.get_XX.properties
alfresco/site-webscripts/org/alfresco/components/edit-metadata/edit-metadata-mgr.get_XX.properties
alfresco/site-webscripts/org/alfresco/components/folder-details/folder-actions.get_XX.properties
alfresco/site-webscripts/org/alfresco/components/folder-details/folder-links.get_XX.properties
alfresco/site-webscripts/org/alfresco/components/folder-details/folder-metadata.get_XX.properties
alfresco/site-webscripts/org/alfresco/components/folder-details/folder-permissions.get_XX.properties
alfresco/site-webscripts/org/alfresco/components/folder-details/folder-sync.get_XX.properties
alfresco/site-webscripts/org/alfresco/components/folder-details/folder-tags.get_XX.properties
alfresco/site-webscripts/org/alfresco/components/folder-details/path.get_XX.properties
alfresco/site-webscripts/org/alfresco/components/folder-details/repo-path.get_XX.properties
alfresco/site-webscripts/org/alfresco/components/footer/footer.get_XX.properties
alfresco/site-webscripts/org/alfresco/components/form/control-wrapper.post_XX.properties
alfresco/site-webscripts/org/alfresco/components/form/form.get_XX.properties
alfresco/site-webscripts/org/alfresco/components/geographic/google-map.get_XX.properties
alfresco/site-webscripts/org/alfresco/components/header/header.get_XX.properties
alfresco/site-webscripts/org/alfresco/components/inline-edit/inline-edit-mgr.get_XX.properties
alfresco/site-webscripts/org/alfresco/components/invite/accept-invite.get_XX.properties
alfresco/site-webscripts/org/alfresco/components/invite/added-users-list.get_XX.properties
alfresco/site-webscripts/org/alfresco/components/invite/addemail.get_XX.properties
alfresco/site-webscripts/org/alfresco/components/invite/groupslist.get_XX.properties
alfresco/site-webscripts/org/alfresco/components/invite/instructions-bar.get_XX.properties
alfresco/site-webscripts/org/alfresco/components/invite/invitationlist.get_XX.properties
alfresco/site-webscripts/org/alfresco/components/invite/members-bar.get_XX.properties
alfresco/site-webscripts/org/alfresco/components/invite/pending-requests.get_XX.properties
alfresco/site-webscripts/org/alfresco/components/invite/reject-invite.get_XX.properties
alfresco/site-webscripts/org/alfresco/components/invite/sent-invites.get_XX.properties
alfresco/site-webscripts/org/alfresco/components/links/filters.get_XX.properties
alfresco/site-webscripts/org/alfresco/components/links/linkedit.get_XX.properties
alfresco/site-webscripts/org/alfresco/components/links/links.get_XX.properties
alfresco/site-webscripts/org/alfresco/components/links/linksview.get_XX.properties
alfresco/site-webscripts/org/alfresco/components/manage-permissions/manage-permissions.get_XX.properties
alfresco/site-webscripts/org/alfresco/components/mobile-app-support/ios-mobile.get_XX.properties
alfresco/site-webscripts/org/alfresco/components/my-documentlibraries/my-doclibs.get_XX.properties
alfresco/site-webscripts/org/alfresco/components/navigation/collaboration-navigation.get_XX.properties
alfresco/site-webscripts/org/alfresco/components/node-details/node-header.get_XX.properties
alfresco/site-webscripts/org/alfresco/components/node-details/node-path.get_XX.properties
alfresco/site-webscripts/org/alfresco/components/people-finder/authority-finder.get_XX.properties
alfresco/site-webscripts/org/alfresco/components/people-finder/group-finder.get_XX.properties
alfresco/site-webscripts/org/alfresco/components/people-finder/people-finder.get_XX.properties
alfresco/site-webscripts/org/alfresco/components/preview/web-preview.get_XX.properties
alfresco/site-webscripts/org/alfresco/components/profile/change-password.get_XX.properties
alfresco/site-webscripts/org/alfresco/components/profile/followers.get_XX.properties
alfresco/site-webscripts/org/alfresco/components/profile/following.get_XX.properties
alfresco/site-webscripts/org/alfresco/components/profile/user-cloud-auth.get_XX.properties
alfresco/site-webscripts/org/alfresco/components/profile/user-content.get_XX.properties
alfresco/site-webscripts/org/alfresco/components/profile/user-notifications.get_XX.properties
alfresco/site-webscripts/org/alfresco/components/profile/user-sites.get_XX.properties
alfresco/site-webscripts/org/alfresco/components/profile/userprofile.get_XX.properties
alfresco/site-webscripts/org/alfresco/components/profile/userprofiletoolbar.get_XX.properties
alfresco/site-webscripts/org/alfresco/components/quickshare/error.get_XX.properties
alfresco/site-webscripts/org/alfresco/components/quickshare/header.get_XX.properties
alfresco/site-webscripts/org/alfresco/components/quickshare/node-header.get_XX.properties
alfresco/site-webscripts/org/alfresco/components/quickshare/title.get_XX.properties
alfresco/site-webscripts/org/alfresco/components/rules/config/rule-config-action.get_XX.properties
alfresco/site-webscripts/org/alfresco/components/rules/config/rule-config-condition.get_XX.properties
alfresco/site-webscripts/org/alfresco/components/rules/config/rule-config-type.get_XX.properties
alfresco/site-webscripts/org/alfresco/components/rules/rule-details.get_XX.properties
alfresco/site-webscripts/org/alfresco/components/rules/rule-edit.get_XX.properties
alfresco/site-webscripts/org/alfresco/components/rules/rules-header.get_XX.properties
alfresco/site-webscripts/org/alfresco/components/rules/rules-linked.get_XX.properties
alfresco/site-webscripts/org/alfresco/components/rules/rules-list.get_XX.properties
alfresco/site-webscripts/org/alfresco/components/rules/rules-none.get_XX.properties
alfresco/site-webscripts/org/alfresco/components/search/advsearch.get_XX.properties
alfresco/site-webscripts/org/alfresco/components/search/search.get_XX.properties
alfresco/site-webscripts/org/alfresco/components/site-finder/site-finder.get_XX.properties
alfresco/site-webscripts/org/alfresco/components/site-members/site-groups.get_XX.properties
alfresco/site-webscripts/org/alfresco/components/site-members/site-members.get_XX.properties
alfresco/site-webscripts/org/alfresco/components/site/customise-pages.get_XX.properties
alfresco/site-webscripts/org/alfresco/components/tag-filter/myfiles-tag-filter.get_XX.properties
alfresco/site-webscripts/org/alfresco/components/tag-filter/sharedfiles-tag-filter.get_XX.properties
alfresco/site-webscripts/org/alfresco/components/tag-filter/tag-filter.get_XX.properties
alfresco/site-webscripts/org/alfresco/components/tags/tags.get_XX.properties
alfresco/site-webscripts/org/alfresco/components/title/advsearch-title.get_XX.properties
alfresco/site-webscripts/org/alfresco/components/title/collaboration-title.get_XX.properties
alfresco/site-webscripts/org/alfresco/components/title/profile-title.get_XX.properties
alfresco/site-webscripts/org/alfresco/components/title/search-title.get_XX.properties
alfresco/site-webscripts/org/alfresco/components/title/user-dashboard-title.get_XX.properties
alfresco/site-webscripts/org/alfresco/components/upload/dnd-upload.get_XX.properties
alfresco/site-webscripts/org/alfresco/components/upload/flash-upload.get_XX.properties
alfresco/site-webscripts/org/alfresco/components/upload/html-upload.get_XX.properties
alfresco/site-webscripts/org/alfresco/components/user-trashcan.get_XX.properties
alfresco/site-webscripts/org/alfresco/components/wiki/createform.get_XX.properties
alfresco/site-webscripts/org/alfresco/components/wiki/filter.get_XX.properties
alfresco/site-webscripts/org/alfresco/components/wiki/page.get_XX.properties
alfresco/site-webscripts/org/alfresco/components/wiki/pagelist.get_XX.properties
alfresco/site-webscripts/org/alfresco/components/wiki/toolbar.get_XX.properties
alfresco/site-webscripts/org/alfresco/components/wiki/version.get_XX.properties
alfresco/site-webscripts/org/alfresco/components/workflow/filter/all.get_XX.properties
alfresco/site-webscripts/org/alfresco/components/workflow/filter/assignee.get_XX.properties
alfresco/site-webscripts/org/alfresco/components/workflow/filter/due.get_XX.properties
alfresco/site-webscripts/org/alfresco/components/workflow/filter/priority.get_XX.properties
alfresco/site-webscripts/org/alfresco/components/workflow/filter/started.get_XX.properties
alfresco/site-webscripts/org/alfresco/components/workflow/filter/workflow-type.get_XX.properties
alfresco/site-webscripts/org/alfresco/components/workflow/start-workflow.get_XX.properties
alfresco/site-webscripts/org/alfresco/components/workflow/task-details-header.get_XX.properties
alfresco/site-webscripts/org/alfresco/components/workflow/task-edit-header.get_XX.properties
alfresco/site-webscripts/org/alfresco/components/workflow/task-list-toolbar.get_XX.properties
alfresco/site-webscripts/org/alfresco/components/workflow/task-list.get_XX.properties
alfresco/site-webscripts/org/alfresco/components/workflow/task-toolbar.get_XX.properties
alfresco/site-webscripts/org/alfresco/components/workflow/workflow-details-actions.get_XX.properties
alfresco/site-webscripts/org/alfresco/components/workflow/workflow-details-header.get_XX.properties
alfresco/site-webscripts/org/alfresco/components/workflow/workflow-form.get_XX.properties
alfresco/site-webscripts/org/alfresco/components/workflow/workflow-list-toolbar.get_XX.properties
alfresco/site-webscripts/org/alfresco/components/workflow/workflow-list.get_XX.properties
alfresco/site-webscripts/org/alfresco/components/workflow/workflow-toolbar.get_XX.properties
alfresco/site-webscripts/org/alfresco/modules/blog/comments/edit-comment.get_XX.properties
alfresco/site-webscripts/org/alfresco/modules/blog/config/config-blog.get_XX.properties
alfresco/site-webscripts/org/alfresco/modules/blog/rss/postlist-rss.get_XX.properties
alfresco/site-webscripts/org/alfresco/modules/browse-docfolder.get_XX.properties
alfresco/site-webscripts/org/alfresco/modules/cloud/cloud-auth-form.get_XX.properties
alfresco/site-webscripts/org/alfresco/modules/cloud/cloud-sync-status.get_XX.properties
alfresco/site-webscripts/org/alfresco/modules/create-event.get_XX.properties
alfresco/site-webscripts/org/alfresco/modules/create-site.get_XX.properties
alfresco/site-webscripts/org/alfresco/modules/data-picker.get_XX.properties
alfresco/site-webscripts/org/alfresco/modules/delete-site.get_XX.properties
alfresco/site-webscripts/org/alfresco/modules/discussions/replies/reply-form.get_XX.properties
alfresco/site-webscripts/org/alfresco/modules/discussions/rss/topiclist-rss.get_XX.properties
alfresco/site-webscripts/org/alfresco/modules/discussions/topic/edit-topic.get_XX.properties
alfresco/site-webscripts/org/alfresco/modules/document-details/historic-properties.get_XX.properties
alfresco/site-webscripts/org/alfresco/modules/document-details/revert-version.get_XX.properties
alfresco/site-webscripts/org/alfresco/modules/document-picker.get_XX.properties
alfresco/site-webscripts/org/alfresco/modules/documentlibrary/aspects.get_XX.properties
alfresco/site-webscripts/org/alfresco/modules/documentlibrary/change-type.get_XX.properties
alfresco/site-webscripts/org/alfresco/modules/documentlibrary/cloud-folder.get_XX.properties
alfresco/site-webscripts/org/alfresco/modules/documentlibrary/copy-move-to.get_XX.properties
alfresco/site-webscripts/org/alfresco/modules/documentlibrary/create-folder.get_XX.properties
alfresco/site-webscripts/org/alfresco/modules/documentlibrary/global-folder.get_XX.properties
alfresco/site-webscripts/org/alfresco/modules/documentlibrary/permissions.get_XX.properties
alfresco/site-webscripts/org/alfresco/modules/documentlibrary/workflow.get_XX.properties
alfresco/site-webscripts/org/alfresco/modules/edit-site.get_XX.properties
alfresco/site-webscripts/org/alfresco/modules/email-form.get_XX.properties
alfresco/site-webscripts/org/alfresco/modules/feed/config-feed.get_XX.properties
alfresco/site-webscripts/org/alfresco/modules/feed/config-feed.post_XX.properties
alfresco/site-webscripts/org/alfresco/modules/header/sites.get_XX.properties
alfresco/site-webscripts/org/alfresco/modules/links/delete-link.get_XX.properties
alfresco/site-webscripts/org/alfresco/modules/links/rss/links-rss.get_XX.properties
alfresco/site-webscripts/org/alfresco/modules/notice/notice-config.get_XX.properties
alfresco/site-webscripts/org/alfresco/modules/preview/pdfjs.get_XX.properties
alfresco/site-webscripts/org/alfresco/modules/property-picker.get_XX.properties
alfresco/site-webscripts/org/alfresco/modules/rules/actions/checkin.get_XX.properties
alfresco/site-webscripts/org/alfresco/modules/rules/actions/workflow.get_XX.properties
alfresco/site-webscripts/org/alfresco/modules/rules/rules-picker.get_XX.properties
alfresco/site-webscripts/org/alfresco/modules/rules/rules-property-picker.get_XX.properties
alfresco/site-webscripts/org/alfresco/modules/search/config-search.get_XX.properties
alfresco/site-webscripts/org/alfresco/modules/webview/config-webview.get_XX.properties
alfresco/site-webscripts/org/alfresco/modules/wiki/config-wiki.get_XX.properties
alfresco/site-webscripts/org/alfresco/modules/wiki/config-wiki.post_XX.properties
alfresco/site-webscripts/org/alfresco/modules/wiki/revert-wiki-version.get_XX.properties
alfresco/site-webscripts/org/alfresco/modules/wiki/rss/pagelist-rss.get_XX.properties
alfresco/site-webscripts/org/alfresco/share/header/share-header.get_XX.properties
alfresco/site-webscripts/org/alfresco/share/header/sites-menu.get_XX.properties
alfresco/site-webscripts/org/alfresco/share/imports/document-library.lib_XX.properties
alfresco/site-webscripts/org/alfresco/share/imports/share-header.lib_XX.properties
alfresco/site-webscripts/org/alfresco/share/options/faceted-search/available-facets-controls.get_XX.properties
alfresco/site-webscripts/org/alfresco/share/options/faceted-search/available-facets.get_XX.properties
alfresco/site-webscripts/org/alfresco/share/pages/admin-console/custom-model-manager.get_XX.properties
alfresco/site-webscripts/org/alfresco/share/pages/admin-console/manage-site-members.get_XX.properties
alfresco/site-webscripts/org/alfresco/share/pages/admin-console/manage-sites.get_XX.properties
alfresco/site-webscripts/org/alfresco/share/pages/document-details.get_XX.properties
alfresco/site-webscripts/org/alfresco/share/pages/document-library.get_XX.properties
alfresco/site-webscripts/org/alfresco/share/pages/faceted-search/faceted-search-config.get_XX.properties
alfresco/site-webscripts/org/alfresco/share/pages/faceted-search/faceted-search.get_XX.properties
alfresco/site-webscripts/org/alfresco/share/pages/my-files.get_XX.properties
alfresco/site-webscripts/org/alfresco/share/pages/prototypes/dnd-creator.get_XX.properties
alfresco/site-webscripts/org/alfresco/share/pages/remote-page.get_XX.properties
alfresco/site-webscripts/org/alfresco/share/pages/shared-files.get_XX.properties
alfresco/site-webscripts/site-logo/share-header/share-header.get_XX.properties
alfresco/web-extension/site-webscripts/org/alfresco/components/site/site-logo.get_XX.properties
